// Jest Snapshot v1, https://goo.gl/fbAQLP

exports[` 1`] = `
<div>
  <h3
    className="mb-2"
  >
    The meaning of life
  </h3>
  <div>
    <div
      className="mb-3"
    >
      <div>
        <code>
          hitchhiking
        </code>
      </div>
    </div>
    <div>
      <p>
        42
      </p>
    </div>
    <div>
      10
       Answers
    </div>
  </div>
</div>
`;
